[2025-12-28 01:52:49] ERROR: (2002) Uncaught Exception PDOException: "SQLSTATE[HY000] [2002] Connection refused" at /var/www/html/application/Espo/ORM/PDO/MysqlPDOFactory.php line 73 :: /var/www/html/application/Espo/ORM/PDO/MysqlPDOFactory.php(73)
[2025-12-28 02:14:20] ERROR: (2002) Uncaught Exception PDOException: "SQLSTATE[HY000] [2002] php_network_getaddresses: getaddrinfo for espocrm-db failed: Temporary failure in name resolution" at /var/www/html/application/Espo/ORM/PDO/MysqlPDOFactory.php line 73 :: /var/www/html/application/Espo/ORM/PDO/MysqlPDOFactory.php(73)
[2025-12-28 12:09:36] ERROR: (2002) Uncaught Exception PDOException: "SQLSTATE[HY000] [2002] Connection refused" at /var/www/html/application/Espo/ORM/PDO/MysqlPDOFactory.php line 73 :: /var/www/html/application/Espo/ORM/PDO/MysqlPDOFactory.php(73)
[2025-12-28 13:01:23] WARNING: E_WARNING: DOMDocument::loadHTML(): Unexpected end tag : h2 in Entity, line: 21
[2025-12-28 13:01:23] WARNING: E_WARNING: DOMDocument::loadHTML(): Unexpected end tag : h2 in Entity, line: 22
[2025-12-28 13:01:23] WARNING: E_WARNING: DOMDocument::loadHTML(): Unexpected end tag : h2 in Entity, line: 21
[2025-12-28 13:01:23] WARNING: E_WARNING: DOMDocument::loadHTML(): Unexpected end tag : h2 in Entity, line: 22
[2025-12-28 13:01:48] WARNING: E_WARNING: DOMDocument::loadHTML(): Unexpected end tag : h2 in Entity, line: 21
[2025-12-28 13:01:48] WARNING: E_WARNING: DOMDocument::loadHTML(): Unexpected end tag : h2 in Entity, line: 22
[2025-12-28 13:01:48] WARNING: E_WARNING: DOMDocument::loadHTML(): Unexpected end tag : h2 in Entity, line: 21
[2025-12-28 13:01:48] WARNING: E_WARNING: DOMDocument::loadHTML(): Unexpected end tag : h2 in Entity, line: 22
[2025-12-28 13:01:50] WARNING: E_WARNING: DOMDocument::loadHTML(): Unexpected end tag : h2 in Entity, line: 21
[2025-12-28 13:01:50] WARNING: E_WARNING: DOMDocument::loadHTML(): Unexpected end tag : h2 in Entity, line: 22
[2025-12-28 13:01:50] WARNING: E_WARNING: DOMDocument::loadHTML(): Unexpected end tag : h2 in Entity, line: 21
[2025-12-28 13:01:50] WARNING: E_WARNING: DOMDocument::loadHTML(): Unexpected end tag : h2 in Entity, line: 22
[2025-12-28 13:02:24] WARNING: E_WARNING: DOMDocument::loadHTML(): Unexpected end tag : h2 in Entity, line: 21
[2025-12-28 13:02:24] WARNING: E_WARNING: DOMDocument::loadHTML(): Unexpected end tag : h2 in Entity, line: 22
[2025-12-28 13:02:24] WARNING: E_WARNING: DOMDocument::loadHTML(): Unexpected end tag : h2 in Entity, line: 21
[2025-12-28 13:02:24] WARNING: E_WARNING: DOMDocument::loadHTML(): Unexpected end tag : h2 in Entity, line: 22
[2025-12-28 13:02:25] WARNING: E_WARNING: DOMDocument::loadHTML(): Unexpected end tag : h2 in Entity, line: 21
[2025-12-28 13:02:25] WARNING: E_WARNING: DOMDocument::loadHTML(): Unexpected end tag : h2 in Entity, line: 22
[2025-12-28 13:02:25] WARNING: E_WARNING: DOMDocument::loadHTML(): Unexpected end tag : h2 in Entity, line: 21
[2025-12-28 13:02:25] WARNING: E_WARNING: DOMDocument::loadHTML(): Unexpected end tag : h2 in Entity, line: 22
[2025-12-28 13:02:42] WARNING: E_WARNING: DOMDocument::loadHTML(): Unexpected end tag : h2 in Entity, line: 21
[2025-12-28 13:02:42] WARNING: E_WARNING: DOMDocument::loadHTML(): Unexpected end tag : h2 in Entity, line: 22
[2025-12-28 13:02:42] WARNING: E_WARNING: DOMDocument::loadHTML(): Unexpected end tag : h2 in Entity, line: 21
[2025-12-28 13:02:42] WARNING: E_WARNING: DOMDocument::loadHTML(): Unexpected end tag : h2 in Entity, line: 22
[2025-12-28 13:02:46] WARNING: E_WARNING: DOMDocument::loadHTML(): Unexpected end tag : h2 in Entity, line: 21
[2025-12-28 13:02:46] WARNING: E_WARNING: DOMDocument::loadHTML(): Unexpected end tag : h2 in Entity, line: 22
[2025-12-28 13:02:46] WARNING: E_WARNING: DOMDocument::loadHTML(): Unexpected end tag : h2 in Entity, line: 21
[2025-12-28 13:02:46] WARNING: E_WARNING: DOMDocument::loadHTML(): Unexpected end tag : h2 in Entity, line: 22
[2025-12-28 13:58:39] WARNING: E_WARNING: DOMDocument::loadHTML(): Unexpected end tag : tr in Entity, line: 115
[2025-12-28 13:58:39] WARNING: E_WARNING: DOMDocument::loadHTML(): Unexpected end tag : tr in Entity, line: 115
[2025-12-28 14:45:52] WARNING: E_WARNING: DOMDocument::loadHTML(): Unexpected end tag : br in Entity, line: 160
[2025-12-28 14:45:52] WARNING: E_WARNING: DOMDocument::loadHTML(): Unexpected end tag : br in Entity, line: 160
[2025-12-28 14:51:06] WARNING: E_WARNING: DOMDocument::loadHTML(): Unexpected end tag : br in Entity, line: 160
[2025-12-28 14:51:06] WARNING: E_WARNING: DOMDocument::loadHTML(): Unexpected end tag : br in Entity, line: 160
